
dependencies:
+ @a2ui/react 0.10.0
+ @a2ui/web_core 0.10.0
+ @codemirror/autocomplete 6.20.1
+ @codemirror/commands 6.10.0
+ @codemirror/lang-cpp 6.0.3
+ @codemirror/lang-css 6.3.1
+ @codemirror/lang-html 6.4.11
+ @codemirror/lang-java 6.0.2
+ @codemirror/lang-javascript 6.2.5
+ @codemirror/lang-json 6.0.2
+ @codemirror/lang-markdown 6.5.0
+ @codemirror/lang-python 6.2.1
+ @codemirror/lang-rust 6.0.2
+ @codemirror/lang-sql 6.10.0
+ @codemirror/language 6.12.2
+ @codemirror/legacy-modes 6.5.3
+ @codemirror/lint 6.9.5
+ @codemirror/merge 6.12.1
+ @codemirror/search 6.6.0
+ @codemirror/state 6.6.0
+ @codemirror/view 6.40.0
+ @crabnebula/tauri-plugin-drag 2.1.0
+ @dnd-kit/core 6.3.1
+ @dnd-kit/modifiers 9.0.0
+ @dnd-kit/sortable 10.0.0
+ @dnd-kit/utilities 3.2.2
+ @emotion/is-prop-valid 1.4.0
+ @fabianlars/tauri-plugin-oauth 2.0.0
+ @lezer/highlight 1.2.3
+ @libsql/client 0.17.0
+ @replit/codemirror-indentation-markers 6.5.3
+ @supabase/supabase-js 2.106.2
+ @tanstack/react-table 8.21.3
+ @tanstack/react-virtual 3.13.22
+ @tauri-apps/api 2.10.1
+ @tauri-apps/plugin-deep-link 2.4.7
+ @tauri-apps/plugin-dialog 2.6.0
+ @tauri-apps/plugin-fs 2.4.5
+ @tauri-apps/plugin-notification 2.3.3
+ @tauri-apps/plugin-opener 2.5.3
+ @tauri-apps/plugin-process 2.3.1
+ @tauri-apps/plugin-shell 2.3.5
+ @tauri-apps/plugin-store 2.4.2
+ @tauri-apps/plugin-updater 2.9.0
+ @tiptap/core 3.28.0
+ @tiptap/extension-code-block-lowlight 3.28.0
+ @tiptap/extension-highlight 3.28.0
+ @tiptap/extension-image 3.28.0
+ @tiptap/extension-link 3.28.0
+ @tiptap/extension-placeholder 3.28.0
+ @tiptap/extension-task-item 3.28.0
+ @tiptap/extension-task-list 3.28.0
+ @tiptap/extension-text-style 3.28.0
+ @tiptap/extension-underline 3.28.0
+ @tiptap/pm 3.28.0
+ @tiptap/react 3.28.0
+ @tiptap/starter-kit 3.28.0
+ @types/react 19.2.15
+ @types/react-dom 19.2.3
+ @uiw/codemirror-themes 4.25.8
+ @uiw/react-codemirror 4.25.8
+ @xterm/addon-fit 0.11.0
+ @xterm/addon-search 0.16.0
+ @xterm/addon-serialize 0.14.0
+ @xterm/addon-unicode11 0.9.0
+ @xterm/addon-web-links 0.12.0
+ @xterm/addon-webgl 0.19.0
+ @xterm/xterm 6.0.0
+ ali-react-table 2.6.1
+ ansi-to-react 6.2.6
+ axios 1.13.6
+ classnames 2.5.1
+ clsx 2.1.1
+ codemirror 6.0.2
+ dayjs 1.11.20
+ dompurify 3.4.8
+ framer-motion 12.23.24
+ highlight.js 11.11.1
+ i18next 25.8.18
+ ignore 7.0.5
+ jotai 2.18.1
+ jotai-family 1.0.2
+ jszip 3.10.1
+ lodash 4.17.23
+ lowlight 3.3.0
+ lucide-react 0.563.0
+ mammoth 1.12.0
+ mermaid 10.9.5
+ nanoid 5.1.11
+ papaparse 5.5.3
+ process 0.11.10
+ react 19.2.6
+ react-dom 19.2.6
+ react-i18next 16.5.8
+ react-intersection-observer 10.0.3
+ react-is 19.2.4
+ react-live 4.1.8
+ react-markdown 9.1.0
+ react-router-dom 6.30.3
+ react-syntax-highlighter 15.6.6
+ react-virtuoso 4.18.3
+ recharts 3.8.0
+ remark-gfm 4.0.1
+ shiki 3.23.0
+ sql-formatter 15.7.2
+ tailwind-scrollbar-hide 1.3.1
+ terser-webpack-plugin 5.4.0
+ tiptap-markdown 0.9.0
+ uuid 11.1.0
+ zod 4.3.6

devDependencies:
+ @commitlint/cli 19.8.1
+ @commitlint/config-conventional 19.8.1
+ @pmmmwh/react-refresh-webpack-plugin 0.6.2
+ @svgr/webpack 8.1.0
+ @swc/core 1.15.18
+ @tailwindcss/container-queries 0.1.1
+ @tauri-apps/cli 2.10.1
+ @trivago/prettier-plugin-sort-imports 6.0.2
+ @types/lodash 4.17.24
+ @types/node 20.19.37
+ @types/papaparse 5.5.2
+ @types/react-syntax-highlighter 15.5.13
+ @typescript-eslint/eslint-plugin 6.21.0
+ @typescript-eslint/parser 6.21.0
+ @vitest/coverage-v8 2.1.9
+ autoprefixer 10.4.27
+ clean-webpack-plugin 4.0.0
+ copy-webpack-plugin 12.0.2
+ css-loader 6.11.0
+ css-minimizer-webpack-plugin 7.0.4
+ dotenv 17.4.2
+ dotenv-webpack 8.1.1
+ dugite 3.2.2
+ esbuild-loader 4.4.2
+ eslint 8.57.1
+ eslint-config-prettier 9.1.2
+ eslint-plugin-prettier 5.5.5
+ eslint-plugin-react 7.37.5
+ eslint-plugin-react-hooks 7.0.1
+ eslint-plugin-unused-imports 4.4.1
+ html-webpack-plugin 5.6.6
+ husky 8.0.3
+ jsdom 29.1.1
+ lint-staged 15.5.2
+ madge 8.0.0
+ mini-css-extract-plugin 2.10.1
+ postcss 8.5.8
+ postcss-loader 8.2.1
+ prettier 3.8.1
+ prettier-plugin-tailwindcss 0.6.14
+ raw-loader 4.0.2
+ react-refresh 0.18.0
+ sass 1.98.0
+ sass-loader 13.3.3
+ style-loader 3.3.4
+ swc-loader 0.2.7
+ tailwindcss 3.4.19
+ ts-unused-exports 11.0.1
+ typescript 5.9.3
+ vitest 2.1.9
+ webpack 5.105.4
+ webpack-bundle-analyzer 5.2.0
+ webpack-cli 5.1.4
+ webpack-dev-server 4.15.2

. postinstall$ node scripts/setup/postinstall.mjs
. postinstall: ORGII postinstall setup
. postinstall: Preparing local development helpers...
. postinstall: ▶ [1/2] Configure Tauri sidecar symlinks
. postinstall: ━━━━━━━━━━━━━━━━━━━━━━━━━━━━━━━━━━━━━━━━
. postinstall:   Setup Sidecar Symlinks
. postinstall: ━━━━━━━━━━━━━━━━━━━━━━━━━━━━━━━━━━━━━━━━
. postinstall: 📍 Architecture: x86_64-unknown-linux-gnu
. postinstall: 📍 Node.js: /home/panshuainan/.nvm/versions/node/v24.18.0/bin/node
. postinstall: ✅ [ORG2 Helper (Backend)] Created symlink: /mnt/panshuainan/org2-semantic-merge-20260814/ORG2 Helper (Backend)-x86_64-unknown-linux-gnu -> /home/panshuainan/.nvm/versions/node/v24.18.0/bin/node
. postinstall: ✅ [ORG2 Helper (Semantic)] Created symlink: /mnt/panshuainan/org2-semantic-merge-20260814/src-tauri/bin/ORG2 Helper (Semantic)-x86_64-unknown-linux-gnu -> /home/panshuainan/.nvm/versions/node/v24.18.0/bin/node
. postinstall: ━━━━━━━━━━━━━━━━━━━━━━━━━━━━━━━━━━━━━━━━
. postinstall: ✅ All sidecar symlinks configured successfully!
. postinstall: ✓ [1/2] Configure Tauri sidecar symlinks completed in 22ms
. postinstall: ▶ [2/2] Register JSON merge driver
. postinstall: JSON merge driver configured for this repository.
. postinstall: ✓ [2/2] Register JSON merge driver completed in 31ms
. postinstall: Done in 55ms.
. postinstall: Done
. prepare$ husky install
. prepare: husky - Git hooks installed
. prepare: Done
Done in 3.3s
