    Updating `rsproxy-sparse` index
 Downloading crates ...
  Downloaded adler2 v2.0.1 (registry `rsproxy-sparse`)
  Downloaded hashlink v0.9.1 (registry `rsproxy-sparse`)
  Downloaded heck v0.5.0 (registry `rsproxy-sparse`)
  Downloaded ordered-multimap v0.7.3 (registry `rsproxy-sparse`)
  Downloaded gtk-sys v0.18.2 (registry `rsproxy-sparse`)
  Downloaded httpdate v1.0.3 (registry `rsproxy-sparse`)
  Downloaded nucleo-matcher v0.3.1 (registry `rsproxy-sparse`)
  Downloaded mime v0.3.17 (registry `rsproxy-sparse`)
  Downloaded icu_provider v2.2.0 (registry `rsproxy-sparse`)
  Downloaded notify-types v2.1.0 (registry `rsproxy-sparse`)
  Downloaded grep-searcher v0.1.16 (registry `rsproxy-sparse`)
  Downloaded percent-encoding v2.3.2 (registry `rsproxy-sparse`)
  Downloaded gtk v0.18.2 (registry `rsproxy-sparse`)
  Downloaded h2 v0.4.14 (registry `rsproxy-sparse`)
  Downloaded icu_properties v2.2.0 (registry `rsproxy-sparse`)
  Downloaded num-bigint v0.4.6 (registry `rsproxy-sparse`)
  Downloaded pest_meta v2.8.6 (registry `rsproxy-sparse`)
  Downloaded ordered-float v2.10.1 (registry `rsproxy-sparse`)
  Downloaded adobe-cmap-parser v0.4.1 (registry `rsproxy-sparse`)
  Downloaded linux-raw-sys v0.12.1 (registry `rsproxy-sparse`)
  Downloaded phf_codegen v0.11.3 (registry `rsproxy-sparse`)
  Downloaded iana-time-zone v0.1.65 (registry `rsproxy-sparse`)
  Downloaded json5 v0.4.1 (registry `rsproxy-sparse`)
  Downloaded atk-sys v0.18.2 (registry `rsproxy-sparse`)
  Downloaded nix v0.31.3 (registry `rsproxy-sparse`)
  Downloaded icu_locale_core v2.2.0 (registry `rsproxy-sparse`)
  Downloaded async-process v2.5.0 (registry `rsproxy-sparse`)
  Downloaded proc-macro2 v1.0.106 (registry `rsproxy-sparse`)
  Downloaded base64 v0.22.1 (registry `rsproxy-sparse`)
  Downloaded libsqlite3-sys v0.30.1 (registry `rsproxy-sparse`)
  Downloaded camino v1.2.2 (registry `rsproxy-sparse`)
  Downloaded asn1-rs-derive v0.5.1 (registry `rsproxy-sparse`)
  Downloaded calamine v0.35.0 (registry `rsproxy-sparse`)
  Downloaded mac v0.1.1 (registry `rsproxy-sparse`)
  Downloaded jsonptr v0.6.3 (registry `rsproxy-sparse`)
  Downloaded oid-registry v0.7.1 (registry `rsproxy-sparse`)
  Downloaded aes v0.8.4 (registry `rsproxy-sparse`)
  Downloaded phf_codegen v0.8.0 (registry `rsproxy-sparse`)
  Downloaded lsp-types v0.97.0 (registry `rsproxy-sparse`)
  Downloaded grep-regex v0.1.14 (registry `rsproxy-sparse`)
  Downloaded async-lock v3.4.2 (registry `rsproxy-sparse`)
  Downloaded hashbrown v0.15.5 (registry `rsproxy-sparse`)
  Downloaded libappindicator-sys v0.9.0 (registry `rsproxy-sparse`)
  Downloaded inout v0.1.4 (registry `rsproxy-sparse`)
  Downloaded miniz_oxide v0.8.9 (registry `rsproxy-sparse`)
  Downloaded itoa v1.0.18 (registry `rsproxy-sparse`)
  Downloaded alloc-stdlib v0.2.2 (registry `rsproxy-sparse`)
  Downloaded nom v7.1.3 (registry `rsproxy-sparse`)
  Downloaded hyper-util v0.1.20 (registry `rsproxy-sparse`)
  Downloaded libc v0.2.186 (registry `rsproxy-sparse`)
  Downloaded lopdf v0.34.0 (registry `rsproxy-sparse`)
  Downloaded hashlink v0.10.0 (registry `rsproxy-sparse`)
  Downloaded keyboard-types v0.7.0 (registry `rsproxy-sparse`)
  Downloaded matchit v0.8.4 (registry `rsproxy-sparse`)
  Downloaded petgraph v0.8.3 (registry `rsproxy-sparse`)
  Downloaded memchr v2.8.2 (registry `rsproxy-sparse`)
  Downloaded hkdf v0.12.4 (registry `rsproxy-sparse`)
  Downloaded hashbrown v0.16.1 (registry `rsproxy-sparse`)
  Downloaded phf v0.10.1 (registry `rsproxy-sparse`)
  Downloaded arrayref v0.3.9 (registry `rsproxy-sparse`)
  Downloaded hashbrown v0.17.1 (registry `rsproxy-sparse`)
  Downloaded hmac v0.12.1 (registry `rsproxy-sparse`)
  Downloaded idna v1.1.0 (registry `rsproxy-sparse`)
  Downloaded itertools v0.14.0 (registry `rsproxy-sparse`)
  Downloaded lru-slab v0.1.2 (registry `rsproxy-sparse`)
  Downloaded async-broadcast v0.7.2 (registry `rsproxy-sparse`)
  Downloaded foldhash v0.2.0 (registry `rsproxy-sparse`)
  Downloaded async-stream v0.3.6 (registry `rsproxy-sparse`)
  Downloaded ico v0.5.0 (registry `rsproxy-sparse`)
  Downloaded javascriptcore-rs v1.1.2 (registry `rsproxy-sparse`)
  Downloaded num-iter v0.1.45 (registry `rsproxy-sparse`)
  Downloaded pbkdf2 v0.12.2 (registry `rsproxy-sparse`)
  Downloaded phf_generator v0.8.0 (registry `rsproxy-sparse`)
  Downloaded phf_macros v0.13.1 (registry `rsproxy-sparse`)
  Downloaded rand_core v0.9.5 (registry `rsproxy-sparse`)
  Downloaded hex v0.4.3 (registry `rsproxy-sparse`)
  Downloaded lru v0.12.5 (registry `rsproxy-sparse`)
  Downloaded is-wsl v0.4.0 (registry `rsproxy-sparse`)
  Downloaded icu_normalizer_data v2.2.0 (registry `rsproxy-sparse`)
  Downloaded pkcs8 v0.10.2 (registry `rsproxy-sparse`)
  Downloaded notify v8.2.0 (registry `rsproxy-sparse`)
  Downloaded idna_adapter v1.2.2 (registry `rsproxy-sparse`)
  Downloaded libz-sys v1.1.29 (registry `rsproxy-sparse`)
  Downloaded aho-corasick v1.1.4 (registry `rsproxy-sparse`)
  Downloaded log v0.4.32 (registry `rsproxy-sparse`)
  Downloaded lzma-sys v0.1.20 (registry `rsproxy-sparse`)
  Downloaded encoding_rs_io v0.1.7 (registry `rsproxy-sparse`)
  Downloaded markup5ever v0.16.2 (registry `rsproxy-sparse`)
  Downloaded asn1-rs v0.6.2 (registry `rsproxy-sparse`)
  Downloaded nu-ansi-term v0.50.3 (registry `rsproxy-sparse`)
  Downloaded prost-types v0.14.4 (registry `rsproxy-sparse`)
  Downloaded ipnet v2.12.0 (registry `rsproxy-sparse`)
  Downloaded inotify v0.11.2 (registry `rsproxy-sparse`)
  Downloaded pin-project-lite v0.2.17 (registry `rsproxy-sparse`)
  Downloaded tauri-winres v0.3.6 (registry `rsproxy-sparse`)
  Downloaded lock_api v0.4.14 (registry `rsproxy-sparse`)
  Downloaded html5ever v0.29.1 (registry `rsproxy-sparse`)
  Downloaded sqlx-sqlite v0.8.6 (registry `rsproxy-sparse`)
  Downloaded home v0.5.12 (registry `rsproxy-sparse`)
  Downloaded getrandom v0.1.16 (registry `rsproxy-sparse`)
  Downloaded gtk3-macros v0.18.2 (registry `rsproxy-sparse`)
  Downloaded javascriptcore-rs-sys v1.1.1 (registry `rsproxy-sparse`)
  Downloaded matches v0.1.10 (registry `rsproxy-sparse`)
  Downloaded phf_shared v0.10.0 (registry `rsproxy-sparse`)
  Downloaded once_cell v1.21.4 (registry `rsproxy-sparse`)
  Downloaded pathdiff v0.2.3 (registry `rsproxy-sparse`)
  Downloaded libappindicator v0.9.0 (registry `rsproxy-sparse`)
  Downloaded num-conv v0.2.2 (registry `rsproxy-sparse`)
  Downloaded lzma-rs v0.3.0 (registry `rsproxy-sparse`)
  Downloaded atomic-waker v1.1.2 (registry `rsproxy-sparse`)
  Downloaded httparse v1.10.1 (registry `rsproxy-sparse`)
  Downloaded minisign-verify v0.2.5 (registry `rsproxy-sparse`)
  Downloaded instant v0.1.13 (registry `rsproxy-sparse`)
  Downloaded ordered-stream v0.2.0 (registry `rsproxy-sparse`)
  Downloaded float-cmp v0.10.0 (registry `rsproxy-sparse`)
  Downloaded futures-task v0.3.32 (registry `rsproxy-sparse`)
  Downloaded pest v2.8.6 (registry `rsproxy-sparse`)
  Downloaded scopeguard v1.2.0 (registry `rsproxy-sparse`)
  Downloaded half v2.7.1 (registry `rsproxy-sparse`)
  Downloaded notify-rust v4.17.0 (registry `rsproxy-sparse`)
  Downloaded phf_generator v0.10.0 (registry `rsproxy-sparse`)
  Downloaded zbus_macros v5.16.0 (registry `rsproxy-sparse`)
  Downloaded blocking v1.6.2 (registry `rsproxy-sparse`)
  Downloaded asn1-rs-impl v0.2.0 (registry `rsproxy-sparse`)
  Downloaded phf v0.8.0 (registry `rsproxy-sparse`)
  Downloaded tree-sitter-language v0.1.7 (registry `rsproxy-sparse`)
  Downloaded hyper-rustls v0.27.9 (registry `rsproxy-sparse`)
  Downloaded libloading v0.7.4 (registry `rsproxy-sparse`)
  Downloaded hyper v1.10.1 (registry `rsproxy-sparse`)
  Downloaded async-recursion v1.1.1 (registry `rsproxy-sparse`)
  Downloaded litemap v0.8.2 (registry `rsproxy-sparse`)
  Downloaded grep-matcher v0.1.8 (registry `rsproxy-sparse`)
  Downloaded muda v0.17.2 (registry `rsproxy-sparse`)
  Downloaded heck v0.4.1 (registry `rsproxy-sparse`)
  Downloaded nix v0.28.0 (registry `rsproxy-sparse`)
  Downloaded csv-core v0.1.13 (registry `rsproxy-sparse`)
  Downloaded tao v0.34.8 (registry `rsproxy-sparse`)
  Downloaded hashbrown v0.12.3 (registry `rsproxy-sparse`)
  Downloaded simd-adler32 v0.3.9 (registry `rsproxy-sparse`)
  Downloaded http v1.4.2 (registry `rsproxy-sparse`)
  Downloaded anyhow v1.0.102 (registry `rsproxy-sparse`)
  Downloaded serde_json v1.0.150 (registry `rsproxy-sparse`)
  Downloaded is-docker v0.2.0 (registry `rsproxy-sparse`)
  Downloaded hashbrown v0.14.5 (registry `rsproxy-sparse`)
  Downloaded tinyvec v1.11.0 (registry `rsproxy-sparse`)
  Downloaded notify-debouncer-full v0.6.0 (registry `rsproxy-sparse`)
  Downloaded pest_generator v2.8.6 (registry `rsproxy-sparse`)
  Downloaded backoff v0.4.0 (registry `rsproxy-sparse`)
  Downloaded option-ext v0.2.0 (registry `rsproxy-sparse`)
  Downloaded jobserver v0.1.34 (registry `rsproxy-sparse`)
  Downloaded html5ever v0.38.0 (registry `rsproxy-sparse`)
  Downloaded arboard v3.6.1 (registry `rsproxy-sparse`)
  Downloaded moxcms v0.8.1 (registry `rsproxy-sparse`)
  Downloaded num-traits v0.2.19 (registry `rsproxy-sparse`)
  Downloaded async-channel v2.5.0 (registry `rsproxy-sparse`)
  Downloaded pem v3.0.6 (registry `rsproxy-sparse`)
  Downloaded schemars v0.8.22 (registry `rsproxy-sparse`)
  Downloaded ahash v0.8.12 (registry `rsproxy-sparse`)
  Downloaded rand_core v0.5.1 (registry `rsproxy-sparse`)
  Downloaded open v5.3.5 (registry `rsproxy-sparse`)
  Downloaded phf_generator v0.11.3 (registry `rsproxy-sparse`)
  Downloaded async-trait v0.1.89 (registry `rsproxy-sparse`)
  Downloaded kuchikiki v0.8.8-speedreader (registry `rsproxy-sparse`)
  Downloaded png v0.18.1 (registry `rsproxy-sparse`)
  Downloaded alloc-no-stdlib v2.0.4 (registry `rsproxy-sparse`)
  Downloaded stringprep v0.1.5 (registry `rsproxy-sparse`)
  Downloaded gio v0.18.4 (registry `rsproxy-sparse`)
  Downloaded serde-untagged v0.1.9 (registry `rsproxy-sparse`)
  Downloaded minimal-lexical v0.2.1 (registry `rsproxy-sparse`)
  Downloaded quick-xml v0.39.4 (registry `rsproxy-sparse`)
  Downloaded infer v0.19.0 (registry `rsproxy-sparse`)
  Downloaded image-webp v0.2.4 (registry `rsproxy-sparse`)
  Downloaded async-executor v1.14.0 (registry `rsproxy-sparse`)
  Downloaded phf_macros v0.10.0 (registry `rsproxy-sparse`)
  Downloaded json-patch v3.0.1 (registry `rsproxy-sparse`)
  Downloaded find-msvc-tools v0.1.9 (registry `rsproxy-sparse`)
  Downloaded proc-macro-error v1.0.4 (registry `rsproxy-sparse`)
  Downloaded phf_shared v0.8.0 (registry `rsproxy-sparse`)
  Downloaded icu_normalizer v2.2.0 (registry `rsproxy-sparse`)
  Downloaded icu_properties_data v2.2.0 (registry `rsproxy-sparse`)
  Downloaded memoffset v0.9.1 (registry `rsproxy-sparse`)
  Downloaded openssl-probe v0.2.1 (registry `rsproxy-sparse`)
  Downloaded bs58 v0.5.1 (registry `rsproxy-sparse`)
  Downloaded image v0.25.10 (registry `rsproxy-sparse`)
  Downloaded nodrop v0.1.14 (registry `rsproxy-sparse`)
  Downloaded ident_case v1.0.1 (registry `rsproxy-sparse`)
  Downloaded smallvec v1.15.2 (registry `rsproxy-sparse`)
  Downloaded pango-sys v0.18.0 (registry `rsproxy-sparse`)
  Downloaded async-io v2.6.0 (registry `rsproxy-sparse`)
  Downloaded pastey v0.2.3 (registry `rsproxy-sparse`)
  Downloaded http-body v1.0.1 (registry `rsproxy-sparse`)
  Downloaded hyperlocal v0.9.1 (registry `rsproxy-sparse`)
  Downloaded equivalent v1.0.2 (registry `rsproxy-sparse`)
  Downloaded indexmap v2.14.0 (registry `rsproxy-sparse`)
  Downloaded tempfile v3.27.0 (registry `rsproxy-sparse`)
  Downloaded os_pipe v1.2.3 (registry `rsproxy-sparse`)
  Downloaded zerovec-derive v0.11.3 (registry `rsproxy-sparse`)
  Downloaded matchers v0.2.0 (registry `rsproxy-sparse`)
  Downloaded parking_lot v0.12.5 (registry `rsproxy-sparse`)
  Downloaded atk v0.18.2 (registry `rsproxy-sparse`)
  Downloaded parking v2.2.1 (registry `rsproxy-sparse`)
  Downloaded typenum v1.20.1 (registry `rsproxy-sparse`)
  Downloaded memmap2 v0.9.10 (registry `rsproxy-sparse`)
  Downloaded async-stream-impl v0.3.6 (registry `rsproxy-sparse`)
  Downloaded markup5ever v0.38.0 (registry `rsproxy-sparse`)
  Downloaded pest_derive v2.8.6 (registry `rsproxy-sparse`)
  Downloaded petgraph v0.6.5 (registry `rsproxy-sparse`)
  Downloaded multimap v0.10.1 (registry `rsproxy-sparse`)
  Downloaded phf v0.13.1 (registry `rsproxy-sparse`)
  Downloaded typeid v1.0.3 (registry `rsproxy-sparse`)
  Downloaded pem-rfc7468 v0.7.0 (registry `rsproxy-sparse`)
  Downloaded sharded-slab v0.1.7 (registry `rsproxy-sparse`)
  Downloaded pdf-extract v0.7.12 (registry `rsproxy-sparse`)
  Downloaded pkg-config v0.3.33 (registry `rsproxy-sparse`)
  Downloaded time-macros v0.2.27 (registry `rsproxy-sparse`)
  Downloaded system-deps v6.2.2 (registry `rsproxy-sparse`)
  Downloaded async-task v4.7.1 (registry `rsproxy-sparse`)
  Downloaded toml v0.9.12+spec-1.1.0 (registry `rsproxy-sparse`)
  Downloaded socket2 v0.6.4 (registry `rsproxy-sparse`)
  Downloaded phf_generator v0.13.1 (registry `rsproxy-sparse`)
  Downloaded cargo_metadata v0.19.2 (registry `rsproxy-sparse`)
  Downloaded chrono v0.4.45 (registry `rsproxy-sparse`)
  Downloaded indexmap v1.9.3 (registry `rsproxy-sparse`)
  Downloaded string_cache_codegen v0.6.1 (registry `rsproxy-sparse`)
  Downloaded arrayvec v0.7.6 (registry `rsproxy-sparse`)
  Downloaded async-signal v0.2.14 (registry `rsproxy-sparse`)
  Downloaded unicode-ident v1.0.24 (registry `rsproxy-sparse`)
  Downloaded unsafe-libyaml v0.2.11 (registry `rsproxy-sparse`)
  Downloaded inotify-sys v0.1.5 (registry `rsproxy-sparse`)
  Downloaded http-body-util v0.1.3 (registry `rsproxy-sparse`)
  Downloaded icu_collections v2.2.0 (registry `rsproxy-sparse`)
  Downloaded new_debug_unreachable v1.0.6 (registry `rsproxy-sparse`)
  Downloaded lazy_static v1.5.0 (registry `rsproxy-sparse`)
  Downloaded pango v0.18.3 (registry `rsproxy-sparse`)
  Downloaded crossbeam-utils v0.8.21 (registry `rsproxy-sparse`)
  Downloaded libgit2-sys v0.18.5+1.9.4 (registry `rsproxy-sparse`)
  Downloaded md-5 v0.10.6 (registry `rsproxy-sparse`)
  Downloaded proc-macro-crate v1.3.1 (registry `rsproxy-sparse`)
  Downloaded num-integer v0.1.46 (registry `rsproxy-sparse`)
  Downloaded getrandom v0.3.4 (registry `rsproxy-sparse`)
  Downloaded halfbrown v0.4.0 (registry `rsproxy-sparse`)
  Downloaded allocator-api2 v0.2.21 (registry `rsproxy-sparse`)
  Downloaded markup5ever v0.14.1 (registry `rsproxy-sparse`)
  Downloaded dtoa v1.0.11 (registry `rsproxy-sparse`)
  Downloaded phf_codegen v0.13.1 (registry `rsproxy-sparse`)
  Downloaded pkcs1 v0.7.5 (registry `rsproxy-sparse`)
  Downloaded ref-cast-impl v1.0.25 (registry `rsproxy-sparse`)
  Downloaded bzip2 v0.5.2 (registry `rsproxy-sparse`)
  Downloaded http-range v0.1.5 (registry `rsproxy-sparse`)
  Downloaded html5ever v0.31.0 (registry `rsproxy-sparse`)
  Downloaded codepage v0.1.2 (registry `rsproxy-sparse`)
  Downloaded regex v1.12.4 (registry `rsproxy-sparse`)
  Downloaded cpufeatures v0.2.17 (registry `rsproxy-sparse`)
  Downloaded dotenvy v0.15.7 (registry `rsproxy-sparse`)
  Downloaded oauth2 v5.0.0 (registry `rsproxy-sparse`)
  Downloaded num-bigint-dig v0.8.6 (registry `rsproxy-sparse`)
  Downloaded sqlx v0.8.6 (registry `rsproxy-sparse`)
  Downloaded match_token v0.1.0 (registry `rsproxy-sparse`)
  Downloaded winnow v0.7.15 (registry `rsproxy-sparse`)
  Downloaded ucd-trie v0.1.7 (registry `rsproxy-sparse`)
  Downloaded ctor v0.8.0 (registry `rsproxy-sparse`)
  Downloaded serialize-to-javascript-impl v0.1.2 (registry `rsproxy-sparse`)
  Downloaded portable-pty v0.9.0 (registry `rsproxy-sparse`)
  Downloaded mio v1.2.1 (registry `rsproxy-sparse`)
  Downloaded atoi_simd v0.17.0 (registry `rsproxy-sparse`)
  Downloaded cookie v0.18.1 (registry `rsproxy-sparse`)
  Downloaded semver v1.0.28 (registry `rsproxy-sparse`)
  Downloaded url v2.5.8 (registry `rsproxy-sparse`)
  Downloaded syn v1.0.109 (registry `rsproxy-sparse`)
  Downloaded tauri-plugin-process v2.3.1 (registry `rsproxy-sparse`)
  Downloaded zstd-safe v7.2.4 (registry `rsproxy-sparse`)
  Downloaded libm v0.2.16 (registry `rsproxy-sparse`)
  Downloaded rustls-pki-types v1.14.1 (registry `rsproxy-sparse`)
  Downloaded mime_guess v2.0.5 (registry `rsproxy-sparse`)
  Downloaded tower-http v0.6.11 (registry `rsproxy-sparse`)
  Downloaded croner v2.2.0 (registry `rsproxy-sparse`)
  Downloaded tauri-utils v2.9.2 (registry `rsproxy-sparse`)
  Downloaded simdutf8 v0.1.5 (registry `rsproxy-sparse`)
  Downloaded crossbeam-channel v0.5.15 (registry `rsproxy-sparse`)
  Downloaded futures-util v0.3.32 (registry `rsproxy-sparse`)
  Downloaded schemars v0.9.0 (registry `rsproxy-sparse`)
  Downloaded unicode-segmentation v1.13.3 (registry `rsproxy-sparse`)
  Downloaded proc-macro-crate v2.0.2 (registry `rsproxy-sparse`)
  Downloaded potential_utf v0.1.5 (registry `rsproxy-sparse`)
  Downloaded gdk-pixbuf-sys v0.18.0 (registry `rsproxy-sparse`)
  Downloaded atoi v2.0.0 (registry `rsproxy-sparse`)
  Downloaded serde_derive v1.0.228 (registry `rsproxy-sparse`)
  Downloaded event-listener v5.4.1 (registry `rsproxy-sparse`)
  Downloaded servo_arc v0.2.0 (registry `rsproxy-sparse`)
  Downloaded x11 v2.21.0 (registry `rsproxy-sparse`)
  Downloaded debug_unsafe v0.1.4 (registry `rsproxy-sparse`)
  Downloaded tauri-plugin-opener v2.5.4 (registry `rsproxy-sparse`)
  Downloaded x11rb-protocol v0.13.2 (registry `rsproxy-sparse`)
  Downloaded derive_more-impl v2.1.1 (registry `rsproxy-sparse`)
  Downloaded phf v0.12.1 (registry `rsproxy-sparse`)
  Downloaded zerofrom-derive v0.1.7 (registry `rsproxy-sparse`)
  Downloaded tauri-plugin-notification v2.3.3 (registry `rsproxy-sparse`)
  Downloaded symlink v0.1.0 (registry `rsproxy-sparse`)
  Downloaded dirs-sys v0.5.0 (registry `rsproxy-sparse`)
  Downloaded utoipa v5.5.0 (registry `rsproxy-sparse`)
  Downloaded toml_edit v0.20.2 (registry `rsproxy-sparse`)
  Downloaded futf v0.1.5 (registry `rsproxy-sparse`)
  Downloaded proc-macro-hack v0.5.20+deprecated (registry `rsproxy-sparse`)
  Downloaded prost-reflect v0.16.5 (registry `rsproxy-sparse`)
  Downloaded selectors v0.36.1 (registry `rsproxy-sparse`)
  Downloaded rand_core v0.6.4 (registry `rsproxy-sparse`)
  Downloaded tinyvec_macros v0.1.1 (registry `rsproxy-sparse`)
  Downloaded bollard-stubs v1.53.1-rc.29.3.1 (registry `rsproxy-sparse`)
  Downloaded x11-dl v2.21.0 (registry `rsproxy-sparse`)
  Downloaded thiserror-impl v1.0.69 (registry `rsproxy-sparse`)
  Downloaded serde_with v3.21.0 (registry `rsproxy-sparse`)
  Downloaded ref-cast v1.0.25 (registry `rsproxy-sparse`)
  Downloaded thread_local v1.1.9 (registry `rsproxy-sparse`)
  Downloaded version_check v0.9.5 (registry `rsproxy-sparse`)
  Downloaded toml_datetime v0.6.3 (registry `rsproxy-sparse`)
  Downloaded bit-set v0.5.3 (registry `rsproxy-sparse`)
  Downloaded axum-core v0.5.6 (registry `rsproxy-sparse`)
  Downloaded toml_parser v1.1.2+spec-1.1.0 (registry `rsproxy-sparse`)
  Downloaded try-lock v0.2.5 (registry `rsproxy-sparse`)
  Downloaded plist v1.9.0 (registry `rsproxy-sparse`)
  Downloaded zbus_names v4.3.2 (registry `rsproxy-sparse`)
  Downloaded writeable v0.6.3 (registry `rsproxy-sparse`)
  Downloaded toml_datetime v0.7.5+spec-1.1.0 (registry `rsproxy-sparse`)
  Downloaded type1-encoding-parser v0.1.1 (registry `rsproxy-sparse`)
  Downloaded rayon v1.12.0 (registry `rsproxy-sparse`)
  Downloaded constant_time_eq v0.4.2 (registry `rsproxy-sparse`)
  Downloaded tokio-tungstenite v0.29.0 (registry `rsproxy-sparse`)
  Downloaded untrusted v0.9.0 (registry `rsproxy-sparse`)
  Downloaded x509-parser v0.16.0 (registry `rsproxy-sparse`)
  Downloaded yasna v0.5.2 (registry `rsproxy-sparse`)
  Downloaded filetime v0.2.29 (registry `rsproxy-sparse`)
  Downloaded crypto-common v0.1.7 (registry `rsproxy-sparse`)
  Downloaded dpi v0.1.2 (registry `rsproxy-sparse`)
  Downloaded bumpalo v3.20.3 (registry `rsproxy-sparse`)
  Downloaded cfg_aliases v0.1.1 (registry `rsproxy-sparse`)
  Downloaded tauri-plugin-single-instance v2.4.2 (registry `rsproxy-sparse`)
  Downloaded signal-hook-registry v1.4.8 (registry `rsproxy-sparse`)
  Downloaded serde-value v0.7.0 (registry `rsproxy-sparse`)
  Downloaded quinn-proto v0.11.14 (registry `rsproxy-sparse`)
  Downloaded fallible-iterator v0.3.0 (registry `rsproxy-sparse`)
  Downloaded weezl v0.1.12 (registry `rsproxy-sparse`)
  Downloaded tauri-plugin-drag v2.1.1 (registry `rsproxy-sparse`)
  Downloaded zeroize_derive v1.4.3 (registry `rsproxy-sparse`)
  Downloaded rustls-webpki v0.103.13 (registry `rsproxy-sparse`)
  Downloaded sse-stream v0.2.3 (registry `rsproxy-sparse`)
  Downloaded cpufeatures v0.3.0 (registry `rsproxy-sparse`)
  Downloaded ryu v1.0.23 (registry `rsproxy-sparse`)
  Downloaded rmcp v1.7.0 (registry `rsproxy-sparse`)
  Downloaded tokio-macros v2.7.0 (registry `rsproxy-sparse`)
  Downloaded time-core v0.1.8 (registry `rsproxy-sparse`)
  Downloaded unic-ucd-version v0.9.0 (registry `rsproxy-sparse`)
  Downloaded simd-json v0.17.0 (registry `rsproxy-sparse`)
  Downloaded typed-path v0.12.3 (registry `rsproxy-sparse`)
  Downloaded sigchld v0.2.4 (registry `rsproxy-sparse`)
  Downloaded event-listener-strategy v0.5.4 (registry `rsproxy-sparse`)
  Downloaded tauri-macros v2.5.5 (registry `rsproxy-sparse`)
  Downloaded uuid v1.23.3 (registry `rsproxy-sparse`)
  Downloaded gdkx11 v0.18.2 (registry `rsproxy-sparse`)
  Downloaded siphasher v0.3.11 (registry `rsproxy-sparse`)
  Downloaded cssparser v0.36.0 (registry `rsproxy-sparse`)
  Downloaded tauri-plugin-deep-link v2.4.9 (registry `rsproxy-sparse`)
  Downloaded toml v0.8.2 (registry `rsproxy-sparse`)
  Downloaded displaydoc v0.2.6 (registry `rsproxy-sparse`)
  Downloaded dunce v1.0.5 (registry `rsproxy-sparse`)
  Downloaded tiff v0.11.3 (registry `rsproxy-sparse`)
  Downloaded rand v0.7.3 (registry `rsproxy-sparse`)
  Downloaded embed-resource v3.0.9 (registry `rsproxy-sparse`)
  Downloaded unic-char-range v0.9.0 (registry `rsproxy-sparse`)
  Downloaded zeroize v1.8.2 (registry `rsproxy-sparse`)
  Downloaded dtor-proc-macro v0.0.6 (registry `rsproxy-sparse`)
  Downloaded const-random-macro v0.1.16 (registry `rsproxy-sparse`)
  Downloaded tauri-runtime-wry v2.10.1 (registry `rsproxy-sparse`)
  Downloaded dtor v0.3.0 (registry `rsproxy-sparse`)
  Downloaded similar v2.7.0 (registry `rsproxy-sparse`)
  Downloaded schemars_derive v1.2.1 (registry `rsproxy-sparse`)
  Downloaded field-offset v0.3.6 (registry `rsproxy-sparse`)
  Downloaded futures-executor v0.3.32 (registry `rsproxy-sparse`)
  Downloaded winnow v0.5.40 (registry `rsproxy-sparse`)
  Downloaded derive_more v0.99.20 (registry `rsproxy-sparse`)
  Downloaded crc-catalog v2.5.0 (registry `rsproxy-sparse`)
  Downloaded gdk-pixbuf v0.18.5 (registry `rsproxy-sparse`)
  Downloaded tauri-plugin-dialog v2.6.0 (registry `rsproxy-sparse`)
  Downloaded yoke v0.8.3 (registry `rsproxy-sparse`)
  Downloaded darling_core v0.23.0 (registry `rsproxy-sparse`)
  Downloaded urlencoding v2.1.3 (registry `rsproxy-sparse`)
  Downloaded cargo_toml v0.22.3 (registry `rsproxy-sparse`)
  Downloaded zune-core v0.5.1 (registry `rsproxy-sparse`)
  Downloaded xz2 v0.1.7 (registry `rsproxy-sparse`)
  Downloaded gobject-sys v0.18.0 (registry `rsproxy-sparse`)
  Downloaded reqwest v0.13.4 (registry `rsproxy-sparse`)
  Downloaded tendril v0.5.0 (registry `rsproxy-sparse`)
  Downloaded siphasher v1.0.3 (registry `rsproxy-sparse`)
  Downloaded webpki-roots v1.0.7 (registry `rsproxy-sparse`)
  Downloaded tower-service v0.3.3 (registry `rsproxy-sparse`)
  Downloaded phf v0.11.3 (registry `rsproxy-sparse`)
  Downloaded parking_lot_core v0.9.12 (registry `rsproxy-sparse`)
  Downloaded csv v1.4.0 (registry `rsproxy-sparse`)
  Downloaded tauri-build v2.6.2 (registry `rsproxy-sparse`)
  Downloaded ignore v0.4.26 (registry `rsproxy-sparse`)
  Downloaded tree-sitter-javascript v0.23.1 (registry `rsproxy-sparse`)
  Downloaded schemars v1.2.1 (registry `rsproxy-sparse`)
  Downloaded soup3 v0.5.0 (registry `rsproxy-sparse`)
  Downloaded data-encoding v2.11.0 (registry `rsproxy-sparse`)
  Downloaded dtoa-short v0.3.5 (registry `rsproxy-sparse`)
  Downloaded thiserror-impl v2.0.18 (registry `rsproxy-sparse`)
  Downloaded rustc-hash v1.1.0 (registry `rsproxy-sparse`)
  Downloaded base64ct v1.8.3 (registry `rsproxy-sparse`)
  Downloaded fixedbitset v0.4.2 (registry `rsproxy-sparse`)
  Downloaded file-id v0.2.3 (registry `rsproxy-sparse`)
  Downloaded unic-char-property v0.9.0 (registry `rsproxy-sparse`)
  Downloaded sysinfo v0.38.4 (registry `rsproxy-sparse`)
  Downloaded strsim v0.11.1 (registry `rsproxy-sparse`)
  Downloaded getrandom v0.4.2 (registry `rsproxy-sparse`)
  Downloaded regex-automata v0.4.14 (registry `rsproxy-sparse`)
  Downloaded der-parser v9.0.0 (registry `rsproxy-sparse`)
  Downloaded globset v0.4.18 (registry `rsproxy-sparse`)
  Downloaded zlib-rs v0.6.3 (registry `rsproxy-sparse`)
  Downloaded regex-syntax v0.8.11 (registry `rsproxy-sparse`)
  Downloaded gio-sys v0.18.1 (registry `rsproxy-sparse`)
  Downloaded selectors v0.24.0 (registry `rsproxy-sparse`)
  Downloaded errno v0.3.14 (registry `rsproxy-sparse`)
  Downloaded darling v0.23.0 (registry `rsproxy-sparse`)
  Downloaded tiny-keccak v2.0.2 (registry `rsproxy-sparse`)
  Downloaded futures-sink v0.3.32 (registry `rsproxy-sparse`)
  Downloaded futures-lite v2.6.1 (registry `rsproxy-sparse`)
  Downloaded futures v0.3.32 (registry `rsproxy-sparse`)
  Downloaded tokio-stream v0.1.18 (registry `rsproxy-sparse`)
  Downloaded streaming-iterator v0.1.9 (registry `rsproxy-sparse`)
  Downloaded serde_yaml v0.9.34+deprecated (registry `rsproxy-sparse`)
  Downloaded constant_time_eq v0.3.1 (registry `rsproxy-sparse`)
  Downloaded zstd v0.13.3 (registry `rsproxy-sparse`)
  Downloaded digest v0.10.7 (registry `rsproxy-sparse`)
  Downloaded gethostname v1.1.0 (registry `rsproxy-sparse`)
  Downloaded unic-ucd-ident v0.9.0 (registry `rsproxy-sparse`)
  Downloaded tracing-appender v0.2.5 (registry `rsproxy-sparse`)
  Downloaded tree-sitter v0.24.7 (registry `rsproxy-sparse`)
  Downloaded signature v2.2.0 (registry `rsproxy-sparse`)
  Downloaded euclid v0.20.14 (registry `rsproxy-sparse`)
  Downloaded zvariant_utils v3.4.0 (registry `rsproxy-sparse`)
  Downloaded flate2 v1.1.9 (registry `rsproxy-sparse`)
  Downloaded futures-channel v0.3.32 (registry `rsproxy-sparse`)
  Downloaded const-oid v0.9.6 (registry `rsproxy-sparse`)
  Downloaded shell-words v1.1.1 (registry `rsproxy-sparse`)
  Downloaded rand_pcg v0.2.1 (registry `rsproxy-sparse`)
  Downloaded dirs v6.0.0 (registry `rsproxy-sparse`)
  Downloaded tauri-plugin-oauth v2.0.0 (registry `rsproxy-sparse`)
  Downloaded syn v2.0.117 (registry `rsproxy-sparse`)
  Downloaded bollard v0.21.0 (registry `rsproxy-sparse`)
  Downloaded rust_xlsxwriter v0.95.0 (registry `rsproxy-sparse`)
  Downloaded futures-core v0.3.32 (registry `rsproxy-sparse`)
  Downloaded rusqlite v0.32.1 (registry `rsproxy-sparse`)
  Downloaded bitflags v2.13.0 (registry `rsproxy-sparse`)
  Downloaded dyn-clone v1.0.20 (registry `rsproxy-sparse`)
  Downloaded endi v1.1.1 (registry `rsproxy-sparse`)
  Downloaded zvariant_derive v5.12.0 (registry `rsproxy-sparse`)
  Downloaded fxhash v0.2.1 (registry `rsproxy-sparse`)
  Downloaded erased-serde v0.4.10 (registry `rsproxy-sparse`)
  Downloaded crossbeam-queue v0.3.12 (registry `rsproxy-sparse`)
  Downloaded zopfli v0.8.3 (registry `rsproxy-sparse`)
  Downloaded prost-build v0.14.4 (registry `rsproxy-sparse`)
  Downloaded html2text v0.14.4 (registry `rsproxy-sparse`)
  Downloaded deflate64 v0.1.12 (registry `rsproxy-sparse`)
  Downloaded fancy-regex v0.13.0 (registry `rsproxy-sparse`)
  Downloaded rand_chacha v0.2.2 (registry `rsproxy-sparse`)
  Downloaded utf8_iter v1.0.4 (registry `rsproxy-sparse`)
  Downloaded convert_case v0.4.0 (registry `rsproxy-sparse`)
  Downloaded ctor-proc-macro v0.0.7 (registry `rsproxy-sparse`)
  Downloaded tauri-plugin-auth-session v0.2.2 (registry `rsproxy-sparse`)
  Downloaded shlex v2.0.1 (registry `rsproxy-sparse`)
  Downloaded reqwest v0.12.28 (registry `rsproxy-sparse`)
  Downloaded quinn v0.11.9 (registry `rsproxy-sparse`)
  Downloaded darling_macro v0.23.0 (registry `rsproxy-sparse`)
  Downloaded rand_chacha v0.9.0 (registry `rsproxy-sparse`)
  Downloaded proc-macro-error-attr v1.0.4 (registry `rsproxy-sparse`)
  Downloaded same-file v1.0.6 (registry `rsproxy-sparse`)
  Downloaded string_cache v0.8.9 (registry `rsproxy-sparse`)
  Downloaded whoami v1.6.1 (registry `rsproxy-sparse`)
  Downloaded zerotrie v0.2.4 (registry `rsproxy-sparse`)
  Downloaded zerocopy v0.8.52 (registry `rsproxy-sparse`)
  Downloaded tungstenite v0.29.0 (registry `rsproxy-sparse`)
  Downloaded zune-jpeg v0.5.15 (registry `rsproxy-sparse`)
  Downloaded rfd v0.16.0 (registry `rsproxy-sparse`)
  Downloaded unicode-width v0.2.2 (registry `rsproxy-sparse`)
  Downloaded fax v0.2.7 (registry `rsproxy-sparse`)
  Downloaded phf_shared v0.13.1 (registry `rsproxy-sparse`)
  Downloaded tokio v1.52.3 (registry `rsproxy-sparse`)
  Downloaded web_atoms v0.2.4 (registry `rsproxy-sparse`)
  Downloaded rustls-native-certs v0.8.4 (registry `rsproxy-sparse`)
  Downloaded tauri-plugin-store v2.4.3 (registry `rsproxy-sparse`)
  Downloaded unicode-properties v0.1.4 (registry `rsproxy-sparse`)
  Downloaded postscript v0.14.1 (registry `rsproxy-sparse`)
  Downloaded tauri-plugin-updater v2.9.0 (registry `rsproxy-sparse`)
  Downloaded glob v0.3.3 (registry `rsproxy-sparse`)
  Downloaded futures-intrusive v0.5.0 (registry `rsproxy-sparse`)
  Downloaded serde_repr v0.1.20 (registry `rsproxy-sparse`)
  Downloaded xattr v1.6.1 (registry `rsproxy-sparse`)
  Downloaded yoke-derive v0.8.2 (registry `rsproxy-sparse`)
  Downloaded tray-icon v0.21.3 (registry `rsproxy-sparse`)
  Downloaded tree-sitter-rust v0.23.3 (registry `rsproxy-sparse`)
  Downloaded fixedbitset v0.5.7 (registry `rsproxy-sparse`)
  Downloaded dlv-list v0.5.2 (registry `rsproxy-sparse`)
  Downloaded rusticata-macros v4.1.0 (registry `rsproxy-sparse`)
  Downloaded prost-derive v0.14.4 (registry `rsproxy-sparse`)
  Downloaded piper v0.2.5 (registry `rsproxy-sparse`)
  Downloaded brotli v8.0.3 (registry `rsproxy-sparse`)
  Downloaded synstructure v0.13.2 (registry `rsproxy-sparse`)
  Downloaded serde_core v1.0.228 (registry `rsproxy-sparse`)
  Downloaded prost v0.14.4 (registry `rsproxy-sparse`)
  Downloaded sqlx-mysql v0.8.6 (registry `rsproxy-sparse`)
  Downloaded cfg-if v1.0.4 (registry `rsproxy-sparse`)
  Downloaded drag v2.1.1 (registry `rsproxy-sparse`)
  Downloaded fluent-uri v0.1.4 (registry `rsproxy-sparse`)
  Downloaded utoipa-gen v5.5.0 (registry `rsproxy-sparse`)
  Downloaded toml_edit v0.19.15 (registry `rsproxy-sparse`)
  Downloaded fast-float2 v0.2.3 (registry `rsproxy-sparse`)
  Downloaded serde_urlencoded v0.7.1 (registry `rsproxy-sparse`)
  Downloaded crunchy v0.2.4 (registry `rsproxy-sparse`)
  Downloaded zstd-sys v2.0.16+zstd.1.5.7 (registry `rsproxy-sparse`)
  Downloaded cfg-expr v0.15.8 (registry `rsproxy-sparse`)
  Downloaded zip v7.2.0 (registry `rsproxy-sparse`)
  Downloaded axum v0.8.9 (registry `rsproxy-sparse`)
  Downloaded rust-ini v0.21.3 (registry `rsproxy-sparse`)
  Downloaded getrandom v0.2.17 (registry `rsproxy-sparse`)
  Downloaded bit-set v0.8.0 (registry `rsproxy-sparse`)
  Downloaded string_cache v0.9.0 (registry `rsproxy-sparse`)
  Downloaded bit-vec v0.8.0 (registry `rsproxy-sparse`)
  Downloaded unic-common v0.9.0 (registry `rsproxy-sparse`)
  Downloaded futures-macro v0.3.32 (registry `rsproxy-sparse`)
  Downloaded rustix v1.1.4 (registry `rsproxy-sparse`)
  Downloaded rmcp-macros v1.7.0 (registry `rsproxy-sparse`)
  Downloaded tar v0.4.46 (registry `rsproxy-sparse`)
  Downloaded cssparser-macros v0.6.1 (registry `rsproxy-sparse`)
  Downloaded downcast-rs v1.2.1 (registry `rsproxy-sparse`)
  Downloaded deranged v0.5.8 (registry `rsproxy-sparse`)
  Downloaded servo_arc v0.4.3 (registry `rsproxy-sparse`)
  Downloaded target-lexicon v0.12.16 (registry `rsproxy-sparse`)
  Downloaded winnow v1.0.3 (registry `rsproxy-sparse`)
  Downloaded gdk-sys v0.18.2 (registry `rsproxy-sparse`)
  Downloaded sqlx-core v0.8.6 (registry `rsproxy-sparse`)
  Downloaded shared_child v1.1.1 (registry `rsproxy-sparse`)
  Downloaded form_urlencoded v1.2.2 (registry `rsproxy-sparse`)
  Downloaded rangemap v1.7.1 (registry `rsproxy-sparse`)
  Downloaded serial2 v0.2.37 (registry `rsproxy-sparse`)
  Downloaded foldhash v0.1.5 (registry `rsproxy-sparse`)
  Downloaded rand_chacha v0.3.1 (registry `rsproxy-sparse`)
  Downloaded tendril v0.4.3 (registry `rsproxy-sparse`)
  Downloaded glib-sys v0.18.1 (registry `rsproxy-sparse`)
  Downloaded cairo-rs v0.18.5 (registry `rsproxy-sparse`)
  Downloaded tauri-plugin-fs v2.4.5 (registry `rsproxy-sparse`)
  Downloaded gdkwayland-sys v0.18.2 (registry `rsproxy-sparse`)
  Downloaded cfb v0.7.3 (registry `rsproxy-sparse`)
  Downloaded ppv-lite86 v0.2.21 (registry `rsproxy-sparse`)
  Downloaded time v0.3.47 (registry `rsproxy-sparse`)
  Downloaded rand v0.8.6 (registry `rsproxy-sparse`)
  Downloaded unicode-bidi v0.3.18 (registry `rsproxy-sparse`)
  Downloaded sqlx-macros-core v0.8.6 (registry `rsproxy-sparse`)
  Downloaded glib v0.18.5 (registry `rsproxy-sparse`)
  Downloaded vcpkg v0.2.15 (registry `rsproxy-sparse`)
  Downloaded serde v1.0.228 (registry `rsproxy-sparse`)
  Downloaded tower v0.5.3 (registry `rsproxy-sparse`)
  Downloaded quote v1.0.45 (registry `rsproxy-sparse`)
  Downloaded bytes v1.11.1 (registry `rsproxy-sparse`)
  Downloaded flume v0.11.1 (registry `rsproxy-sparse`)
  Downloaded crossbeam-epoch v0.9.18 (registry `rsproxy-sparse`)
  Downloaded polling v3.11.0 (registry `rsproxy-sparse`)
  Downloaded sha1 v0.10.6 (registry `rsproxy-sparse`)
  Downloaded serde_spanned v1.1.1 (registry `rsproxy-sparse`)
  Downloaded urlpattern v0.3.0 (registry `rsproxy-sparse`)
  Downloaded zerovec v0.11.6 (registry `rsproxy-sparse`)
  Downloaded stable_deref_trait v1.2.1 (registry `rsproxy-sparse`)
  Downloaded phf_shared v0.11.3 (registry `rsproxy-sparse`)
  Downloaded precomputed-hash v0.1.1 (registry `rsproxy-sparse`)
  Downloaded unicase v2.9.0 (registry `rsproxy-sparse`)
  Downloaded proc-macro-crate v3.5.0 (registry `rsproxy-sparse`)
  Downloaded quick-error v2.0.1 (registry `rsproxy-sparse`)
  Downloaded git2 v0.20.4 (registry `rsproxy-sparse`)
  Downloaded rcgen v0.13.2 (registry `rsproxy-sparse`)
  Downloaded subtle v2.6.1 (registry `rsproxy-sparse`)
  Downloaded pom v1.1.0 (registry `rsproxy-sparse`)
  Downloaded spin v0.9.8 (registry `rsproxy-sparse`)
  Downloaded const-random v0.1.18 (registry `rsproxy-sparse`)
  Downloaded cairo-sys-rs v0.18.2 (registry `rsproxy-sparse`)
  Downloaded toml_datetime v1.1.1+spec-1.1.0 (registry `rsproxy-sparse`)
  Downloaded encoding_rs v0.8.35 (registry `rsproxy-sparse`)
  Downloaded tauri v2.10.3 (registry `rsproxy-sparse`)
  Downloaded signal-hook v0.3.18 (registry `rsproxy-sparse`)
  Downloaded wry v0.54.4 (registry `rsproxy-sparse`)
  Downloaded tokio-rustls v0.26.4 (registry `rsproxy-sparse`)
  Downloaded webkit2gtk-sys v2.0.2 (registry `rsproxy-sparse`)
  Downloaded tree-sitter-typescript v0.23.2 (registry `rsproxy-sparse`)
  Downloaded block-buffer v0.10.4 (registry `rsproxy-sparse`)
  Downloaded serde_derive_internals v0.29.1 (registry `rsproxy-sparse`)
  Downloaded png v0.17.16 (registry `rsproxy-sparse`)
  Downloaded slab v0.4.12 (registry `rsproxy-sparse`)
  Downloaded generic-array v0.14.7 (registry `rsproxy-sparse`)
  Downloaded sqlx-macros v0.8.6 (registry `rsproxy-sparse`)
  Downloaded process-wrap v9.1.0 (registry `rsproxy-sparse`)
  Downloaded crc32fast v1.5.0 (registry `rsproxy-sparse`)
  Downloaded soup3-sys v0.5.0 (registry `rsproxy-sparse`)
  Downloaded zerocopy-derive v0.8.52 (registry `rsproxy-sparse`)
  Downloaded gdk v0.18.2 (registry `rsproxy-sparse`)
  Downloaded byteorder v1.5.0 (registry `rsproxy-sparse`)
  Downloaded glib-macros v0.18.5 (registry `rsproxy-sparse`)
  Downloaded value-trait v0.12.1 (registry `rsproxy-sparse`)
  Downloaded serialize-to-javascript v0.1.2 (registry `rsproxy-sparse`)
  Downloaded thiserror v1.0.69 (registry `rsproxy-sparse`)
  Downloaded bit-vec v0.6.3 (registry `rsproxy-sparse`)
  Downloaded zbus v5.16.0 (registry `rsproxy-sparse`)
  Downloaded crc v3.4.0 (registry `rsproxy-sparse`)
  Downloaded autocfg v1.5.1 (registry `rsproxy-sparse`)
  Downloaded which v8.0.3 (registry `rsproxy-sparse`)
  Downloaded thiserror v2.0.18 (registry `rsproxy-sparse`)
  Downloaded sync_wrapper v1.0.2 (registry `rsproxy-sparse`)
  Downloaded tokio-util v0.7.18 (registry `rsproxy-sparse`)
  Downloaded rustls-platform-verifier v0.7.0 (registry `rsproxy-sparse`)
  Downloaded webpki-roots v0.26.11 (registry `rsproxy-sparse`)
  Downloaded web_atoms v0.1.3 (registry `rsproxy-sparse`)
  Downloaded rsa v0.9.10 (registry `rsproxy-sparse`)
  Downloaded toml v1.1.2+spec-1.1.0 (registry `rsproxy-sparse`)
  Downloaded tower-layer v0.3.3 (registry `rsproxy-sparse`)
  Downloaded ring v0.17.14 (registry `rsproxy-sparse`)
  Downloaded rustls-pemfile v2.2.0 (registry `rsproxy-sparse`)
  Downloaded zip v2.4.2 (registry `rsproxy-sparse`)
  Downloaded powerfmt v0.2.0 (registry `rsproxy-sparse`)
  Downloaded fnv v1.0.7 (registry `rsproxy-sparse`)
  Downloaded fallible-streaming-iterator v0.1.9 (registry `rsproxy-sparse`)
  Downloaded string_cache_codegen v0.5.4 (registry `rsproxy-sparse`)
  Downloaded tracing-log v0.2.0 (registry `rsproxy-sparse`)
  Downloaded der v0.7.10 (registry `rsproxy-sparse`)
  Downloaded tracing-core v0.1.36 (registry `rsproxy-sparse`)
  Downloaded cc v1.2.63 (registry `rsproxy-sparse`)
  Downloaded rustc_version v0.4.1 (registry `rsproxy-sparse`)
  Downloaded tauri-plugin-shell v2.3.5 (registry `rsproxy-sparse`)
  Downloaded bytemuck v1.25.0 (registry `rsproxy-sparse`)
  Downloaded x11rb v0.13.2 (registry `rsproxy-sparse`)
  Downloaded cssparser v0.29.6 (registry `rsproxy-sparse`)
  Downloaded tracing-attributes v0.1.31 (registry `rsproxy-sparse`)
  Downloaded dlopen2 v0.8.2 (registry `rsproxy-sparse`)
  Downloaded tracing-subscriber v0.3.23 (registry `rsproxy-sparse`)
  Downloaded chrono-tz v0.10.4 (registry `rsproxy-sparse`)
  Downloaded bitflags v1.3.2 (registry `rsproxy-sparse`)
  Downloaded cargo-platform v0.1.9 (registry `rsproxy-sparse`)
  Downloaded sha2 v0.10.9 (registry `rsproxy-sparse`)
  Downloaded zerofrom v0.1.8 (registry `rsproxy-sparse`)
  Downloaded serde_with_macros v3.21.0 (registry `rsproxy-sparse`)
  Downloaded blake3 v1.8.5 (registry `rsproxy-sparse`)
  Downloaded serde_path_to_error v0.1.20 (registry `rsproxy-sparse`)
  Downloaded raw-window-handle v0.6.2 (registry `rsproxy-sparse`)
  Downloaded pxfm v0.1.29 (registry `rsproxy-sparse`)
  Downloaded tauri-plugin v2.6.2 (registry `rsproxy-sparse`)
  Downloaded tauri-runtime v2.10.1 (registry `rsproxy-sparse`)
  Downloaded cipher v0.4.4 (registry `rsproxy-sparse`)
  Downloaded zvariant v5.12.0 (registry `rsproxy-sparse`)
  Downloaded version-compare v0.2.1 (registry `rsproxy-sparse`)
  Downloaded dom_query v0.27.0 (registry `rsproxy-sparse`)
  Downloaded webkit2gtk v2.0.2 (registry `rsproxy-sparse`)
  Downloaded quinn-udp v0.5.14 (registry `rsproxy-sparse`)
  Downloaded phf_shared v0.12.1 (registry `rsproxy-sparse`)
  Downloaded dlopen2_derive v0.4.3 (registry `rsproxy-sparse`)
  Downloaded walkdir v2.5.0 (registry `rsproxy-sparse`)
  Downloaded tracing v0.1.44 (registry `rsproxy-sparse`)
  Downloaded gdkx11-sys v0.18.2 (registry `rsproxy-sparse`)
  Downloaded bzip2-sys v0.1.13+1.0.8 (registry `rsproxy-sparse`)
  Downloaded cfg_aliases v0.2.1 (registry `rsproxy-sparse`)
  Downloaded toml_edit v0.25.12+spec-1.1.0 (registry `rsproxy-sparse`)
  Downloaded zmij v1.0.21 (registry `rsproxy-sparse`)
  Downloaded rand v0.9.4 (registry `rsproxy-sparse`)
  Downloaded byteorder-lite v0.1.0 (registry `rsproxy-sparse`)
  Downloaded tinystr v0.8.3 (registry `rsproxy-sparse`)
  Downloaded serde_spanned v0.6.9 (registry `rsproxy-sparse`)
  Downloaded schemars_derive v0.8.22 (registry `rsproxy-sparse`)
  Downloaded fdeflate v0.3.7 (registry `rsproxy-sparse`)
  Downloaded crossbeam-deque v0.8.6 (registry `rsproxy-sparse`)
  Downloaded enumflags2_derive v0.7.12 (registry `rsproxy-sparse`)
  Downloaded rustc-hash v2.1.2 (registry `rsproxy-sparse`)
  Downloaded derive_more v2.1.1 (registry `rsproxy-sparse`)
  Downloaded brotli-decompressor v5.0.1 (registry `rsproxy-sparse`)
  Downloaded filedescriptor v0.8.3 (registry `rsproxy-sparse`)
  Downloaded enumflags2 v0.7.12 (registry `rsproxy-sparse`)
  Downloaded fastrand v2.4.1 (registry `rsproxy-sparse`)
  Downloaded rustls v0.23.40 (registry `rsproxy-sparse`)
  Downloaded tiktoken-rs v0.9.1 (registry `rsproxy-sparse`)
  Downloaded tauri-codegen v2.6.2 (registry `rsproxy-sparse`)
  Downloaded rayon-core v1.13.0 (registry `rsproxy-sparse`)
  Downloaded spki v0.7.3 (registry `rsproxy-sparse`)
  Downloaded toml_writer v1.1.1+spec-1.1.0 (registry `rsproxy-sparse`)
  Downloaded utf-8 v0.7.6 (registry `rsproxy-sparse`)
  Downloaded concurrent-queue v2.5.0 (registry `rsproxy-sparse`)
  Downloaded tree-sitter-python v0.23.6 (registry `rsproxy-sparse`)
  Downloaded want v0.3.1 (registry `rsproxy-sparse`)
  Downloaded sqlx-postgres v0.8.6 (registry `rsproxy-sparse`)
  Downloaded unicode-normalization v0.1.25 (registry `rsproxy-sparse`)
  Downloaded futures-io v0.3.32 (registry `rsproxy-sparse`)
  Downloaded either v1.16.0 (registry `rsproxy-sparse`)
  Downloaded bstr v1.12.1 (registry `rsproxy-sparse`)
  Downloaded prettyplease v0.2.37 (registry `rsproxy-sparse`)
    Checking serde_core v1.0.228
    Checking libc v0.2.186
    Checking cfg-if v1.0.4
    Checking memchr v2.8.2
    Checking pin-project-lite v0.2.17
    Checking once_cell v1.21.4
    Checking log v0.4.32
    Checking futures-core v0.3.32
    Checking itoa v1.0.18
    Checking futures-io v0.3.32
    Checking slab v0.4.12
    Checking futures-sink v0.3.32
    Checking futures-task v0.3.32
    Checking bytes v1.11.1
    Checking equivalent v1.0.2
    Checking futures-channel v0.3.32
   Compiling libm v0.2.16
   Compiling num-traits v0.2.19
    Checking scopeguard v1.2.0
    Checking lock_api v0.4.14
    Checking thiserror v1.0.69
    Checking futures-util v0.3.32
    Checking hashbrown v0.17.1
    Checking zerofrom v0.1.8
    Checking stable_deref_trait v1.2.1
    Checking crossbeam-utils v0.8.21
    Checking yoke v0.8.3
    Checking zmij v1.0.21
    Checking zerovec v0.11.6
    Checking percent-encoding v2.3.2
    Checking writeable v0.6.3
    Checking litemap v0.8.2
    Checking zerotrie v0.2.4
    Checking utf8_iter v1.0.4
    Checking http v1.4.2
    Checking base64 v0.22.1
    Checking glib-sys v0.18.1
    Checking errno v0.3.14
    Checking mio v1.2.1
    Checking signal-hook-registry v1.4.8
    Checking tinystr v0.8.3
    Checking gobject-sys v0.18.0
    Checking potential_utf v0.1.5
    Checking icu_locale_core v2.2.0
    Checking socket2 v0.6.4
    Checking icu_collections v2.2.0
    Checking serde v1.0.228
    Checking bitflags v2.13.0
    Checking indexmap v2.14.0
    Checking gio-sys v0.18.1
    Checking serde_json v1.0.150
    Checking icu_properties_data v2.2.0
    Checking icu_normalizer_data v2.2.0
    Checking cairo-sys-rs v0.18.2
    Checking smallvec v1.15.2
    Checking pango-sys v0.18.0
    Checking form_urlencoded v1.2.2
    Checking icu_provider v2.2.0
    Checking parking_lot_core v0.9.12
    Checking thiserror v2.0.18
    Checking aho-corasick v1.1.4
    Checking regex-syntax v0.8.11
    Checking powerfmt v0.2.0
    Checking parking_lot v0.12.5
    Checking icu_properties v2.2.0
    Checking gdk-pixbuf-sys v0.18.0
    Checking icu_normalizer v2.2.0
    Checking deranged v0.5.8
    Checking tokio v1.52.3
    Checking gdk-sys v0.18.2
    Checking futures-executor v0.3.32
    Checking glib v0.18.5
   Compiling tauri-build v2.6.2
   Compiling time-macros v0.2.27
    Checking time-core v0.1.8
    Checking num-conv v0.2.2
    Checking tracing-core v0.1.36
    Checking idna_adapter v1.2.2
    Checking idna v1.1.0
    Checking atk-sys v0.18.2
    Checking fnv v1.0.7
    Checking regex-automata v0.4.14
    Checking siphasher v1.0.3
    Checking url v2.5.8
    Checking simd-adler32 v0.3.9
    Checking tracing v0.1.44
    Checking crc32fast v1.5.0
    Checking gtk-sys v0.18.2
    Checking adler2 v2.0.1
    Checking miniz_oxide v0.8.9
    Checking zlib-rs v0.6.3
    Checking getrandom v0.4.2
    Checking memoffset v0.9.1
    Checking encoding_rs v0.8.35
    Checking flate2 v1.1.9
    Checking byteorder v1.5.0
    Checking field-offset v0.3.6
    Checking winnow v1.0.3
    Checking bitflags v1.3.2
    Checking uuid v1.23.3
    Checking option-ext v0.2.0
    Checking dirs-sys v0.5.0
    Checking getrandom v0.3.4
    Checking dirs v6.0.0
    Checking same-file v1.0.6
    Checking javascriptcore-rs-sys v1.1.1
    Checking walkdir v2.5.0
    Checking soup3-sys v0.5.0
    Checking x11 v2.21.0
    Checking dpi v0.1.2
    Checking regex v1.12.4
    Checking unic-char-range v0.9.0
    Checking alloc-no-stdlib v2.0.4
    Checking unic-common v0.9.0
    Checking raw-window-handle v0.6.2
    Checking alloc-stdlib v0.2.2
    Checking unic-ucd-version v0.9.0
    Checking unic-char-property v0.9.0
    Checking anyhow v1.0.102
    Checking typeid v1.0.3
    Checking quick-xml v0.39.4
    Checking fdeflate v0.3.7
    Checking crossbeam-channel v0.5.15
    Checking mime v0.3.17
    Checking gdkx11-sys v0.18.2
    Checking erased-serde v0.4.10
    Checking time v0.3.47
    Checking unic-ucd-ident v0.9.0
    Checking brotli-decompressor v5.0.1
    Checking toml_parser v1.1.2+spec-1.1.0
    Checking webkit2gtk-sys v2.0.2
    Checking cfb v0.7.3
    Checking phf_shared v0.13.1
    Checking jsonptr v0.6.3
    Checking toml_datetime v1.1.1+spec-1.1.0
    Checking serde_spanned v1.1.1
    Checking subtle v2.6.1
    Checking unicode-segmentation v1.13.3
    Checking toml_writer v1.1.1+spec-1.1.0
    Checking infer v0.19.0
    Checking json-patch v3.0.1
    Checking gio v0.18.4
    Checking cairo-rs v0.18.5
    Checking atk v0.18.2
    Checking javascriptcore-rs v1.1.2
    Checking toml v1.1.2+spec-1.1.0
    Checking brotli v8.0.3
    Checking phf v0.13.1
   Compiling tauri v2.10.3
    Checking cookie v0.18.1
    Checking plist v1.9.0
    Checking serde-untagged v0.1.9
    Checking urlpattern v0.3.0
    Checking x11-dl v2.21.0
    Checking serde_with v3.21.0
    Checking semver v1.0.28
    Checking ctor v0.8.0
    Checking libloading v0.7.4
    Checking pxfm v0.1.29
    Checking glob v0.3.3
    Checking byteorder-lite v0.1.0
    Checking typenum v1.20.1
    Checking quick-error v2.0.1
    Checking zune-core v0.5.1
    Checking dunce v1.0.5
    Checking zune-jpeg v0.5.15
    Checking image-webp v0.2.4
    Checking generic-array v0.14.7
    Checking libappindicator-sys v0.9.0
    Checking dlopen2 v0.8.2
    Checking keyboard-types v0.7.0
    Checking png v0.18.1
    Checking gdkwayland-sys v0.18.2
    Checking bytemuck v1.25.0
    Checking png v0.17.16
    Checking tauri-utils v2.9.2
    Checking const-oid v0.9.6
    Checking serialize-to-javascript v0.1.2
    Checking zerocopy v0.8.52
    Checking http-range v0.1.5
    Checking heck v0.5.0
    Checking zeroize v1.8.2
    Checking crypto-common v0.1.7
    Checking moxcms v0.8.1
    Checking block-buffer v0.10.4
    Checking getrandom v0.2.17
    Checking rustls-pki-types v1.14.1
    Checking cpufeatures v0.2.17
    Checking digest v0.10.7
    Checking untrusted v0.9.0
    Checking atomic-waker v1.1.2
    Checking ring v0.17.14
    Checking parking v2.2.1
    Checking concurrent-queue v2.5.0
    Checking linux-raw-sys v0.12.1
    Checking ryu v1.0.23
    Checking app_platform v0.1.0 (/work/src-tauri/crates/app-platform)
    Checking http-body v1.0.1
    Checking httparse v1.10.1
    Checking allocator-api2 v0.2.21
    Checking event-listener v5.4.1
    Checking hex v0.4.3
    Checking fastrand v2.4.1
    Checking tower-service v0.3.3
    Checking sha2 v0.10.9
    Checking tokio-util v0.7.18
    Checking rustls-webpki v0.103.13
    Checking try-lock v0.2.5
    Checking want v0.3.1
    Checking rustix v1.1.4
    Checking httpdate v1.0.3
    Checking h2 v0.4.14
    Checking iana-time-zone v0.1.65
    Checking rustls v0.23.40
    Checking chrono v0.4.45
    Checking image v0.25.10
    Checking http-body-util v0.1.3
    Checking ppv-lite86 v0.2.21
    Checking ahash v0.8.12
    Checking hashbrown v0.14.5
    Checking app_paths v0.1.0 (/work/src-tauri/crates/app-paths)
    Checking webpki-roots v1.0.7
    Checking ipnet v2.12.0
    Checking either v1.16.0
    Checking crossbeam-epoch v0.9.18
    Checking sync_wrapper v1.0.2
    Checking spin v0.9.8
    Checking unicode-ident v1.0.24
    Checking tower-layer v0.3.3
    Checking proc-macro2 v1.0.106
    Checking crossbeam-deque v0.8.6
    Checking lazy_static v1.5.0
    Checking futures-lite v2.6.1
    Checking event-listener-strategy v0.5.4
    Checking serde_urlencoded v0.7.1
    Checking bstr v1.12.1
    Checking tokio-rustls v0.26.4
    Checking foldhash v0.1.5
    Checking hashbrown v0.15.5
    Checking quote v1.0.45
    Checking tower v0.5.3
    Checking sha1 v0.10.6
    Checking num-integer v0.1.46
    Checking openssl-probe v0.2.1
    Checking polling v3.11.0
    Checking rustls-native-certs v0.8.4
    Checking syn v2.0.117
    Checking libsqlite3-sys v0.30.1
    Checking hashlink v0.9.1
    Checking tree-sitter-language v0.1.7
    Checking hmac v0.12.1
    Checking hyper v1.10.1
    Checking rand_core v0.6.4
    Checking rand_core v0.9.5
    Checking inotify-sys v0.1.5
    Checking fallible-streaming-iterator v0.1.9
    Checking fallible-iterator v0.3.0
    Checking async-task v4.7.1
    Checking minimal-lexical v0.2.1
    Checking inotify v0.11.2
    Checking rand_chacha v0.9.0
    Checking async-io v2.6.0
    Checking nom v7.1.3
    Checking rayon-core v1.13.0
    Checking rusqlite v0.32.1
    Checking async-channel v2.5.0
    Checking enumflags2 v0.7.12
    Checking notify-types v2.1.0
    Checking endi v1.1.1
    Checking rayon v1.12.0
    Checking async-signal v0.2.14
    Checking rand v0.9.4
    Checking hyper-util v0.1.20
    Checking notify v8.2.0
    Checking rand_chacha v0.3.1
    Checking gdk-pixbuf v0.18.5
    Checking pango v0.18.3
    Checking soup3 v0.5.0
    Checking tower-http v0.6.11
    Checking globset v0.4.18
    Checking async-lock v3.4.2
    Checking piper v0.2.5
    Checking arrayref v0.3.9
    Checking zvariant_utils v3.4.0
    Checking arrayvec v0.7.6
    Checking data-encoding v2.11.0
    Checking constant_time_eq v0.4.2
    Checking zvariant v5.12.0
    Checking cpufeatures v0.3.0
    Checking async-process v2.5.0
    Checking blake3 v1.8.5
    Checking blocking v1.6.2
    Checking hyper-rustls v0.27.9
    Checking ignore v0.4.26
    Checking rand v0.8.6
    Checking libz-sys v1.1.29
    Checking async-executor v1.14.0
    Checking async-broadcast v0.7.2
    Checking gdk v0.18.2
    Checking ordered-stream v0.2.0
    Checking crc-catalog v2.5.0
    Checking unicase v2.9.0
    Checking crc v3.4.0
    Checking libgit2-sys v0.18.5+1.9.4
    Checking mime_guess v2.0.5
    Checking rusticata-macros v4.1.0
    Checking rustls-platform-verifier v0.7.0
    Checking serde_path_to_error v0.1.20
    Checking grep-matcher v0.1.8
    Checking is-docker v0.2.0
    Checking streaming-iterator v0.1.9
    Checking tinyvec_macros v0.1.1
    Checking foldhash v0.2.0
    Checking tinyvec v1.11.0
    Checking is-wsl v0.4.0
    Checking reqwest v0.13.4
    Checking hashbrown v0.16.1
    Checking asn1-rs v0.6.2
    Checking git2 v0.20.4
    Checking tree-sitter v0.24.7
    Checking tree-sitter-typescript v0.23.2
    Checking tungstenite v0.29.0
    Checking database v0.1.0 (/work/src-tauri/crates/database)
    Checking core_types v0.1.0 (/work/src-tauri/crates/types)
    Checking encoding_rs_io v0.1.7
    Checking zbus_names v4.3.2
    Checking memmap2 v0.9.10
    Checking new_debug_unreachable v1.0.6
   Compiling crunchy v0.2.4
    Checking fixedbitset v0.4.2
    Checking pathdiff v0.2.3
    Checking petgraph v0.6.5
    Checking open v5.3.5
    Checking grep-searcher v0.1.16
    Checking zbus v5.16.0
    Checking ref-cast v1.0.25
    Checking tokio-tungstenite v0.29.0
   Compiling tauri-plugin-opener v2.5.4
    Checking halfbrown v0.4.0
    Checking unicode-normalization v0.1.25
    Checking tree-sitter-javascript v0.23.1
    Checking tree-sitter-rust v0.23.3
    Checking tree-sitter-python v0.23.6
    Checking grep-regex v0.1.14
    Checking lru v0.12.5
    Checking num-bigint v0.4.6
    Checking axum-core v0.5.6
    Checking app_utils v0.1.0 (/work/src-tauri/crates/app-utils)
    Checking md-5 v0.10.6
    Checking gtk v0.18.2
    Checking gdkx11 v0.18.2
    Checking nucleo-matcher v0.3.1
    Checking tokio-stream v0.1.18
    Checking phf_shared v0.11.3
    Checking phf_shared v0.12.1
    Checking futures v0.3.32
    Checking float-cmp v0.10.0
    Checking bumpalo v3.20.3
    Checking matchit v0.8.4
    Checking similar v2.7.0
    Checking base64ct v1.8.3
    Checking unsafe-libyaml v0.2.11
   Compiling tiny-keccak v2.0.2
    Checking zopfli v0.8.3
    Checking pem-rfc7468 v0.7.0
    Checking axum v0.8.9
    Checking value-trait v0.12.1
    Checking phf v0.12.1
    Checking der-parser v9.0.0
    Checking oid-registry v0.7.1
    Checking orgtrack_sync v0.1.0 (/work/src-tauri/crates/orgtrack-sync)
    Checking serde_yaml v0.9.34+deprecated
    Checking sysinfo v0.38.4
    Checking urlencoding v2.1.3
    Checking mac v0.1.1
    Checking simdutf8 v0.1.5
    Checking precomputed-hash v0.1.1
    Checking string_cache v0.8.9
    Checking simd-json v0.17.0
    Checking futf v0.1.5
    Checking x509-parser v0.16.0
    Checking chrono-tz v0.10.4
    Checking der v0.7.10
    Checking phf v0.11.3
    Checking zstd-sys v2.0.16+zstd.1.5.7
    Checking prost v0.14.4
    Checking croner v2.2.0
    Checking inout v0.1.4
    Checking yasna v0.5.2
    Checking ordered-float v2.10.1
    Checking pem v3.0.6
    Checking utf-8 v0.7.6
    Checking serde-value v0.7.0
    Checking spki v0.7.3
    Checking tendril v0.4.3
    Checking cipher v0.4.4
    Checking rcgen v0.13.2
    Checking prost-types v0.14.4
    Checking zstd-safe v7.2.4
    Checking web_atoms v0.1.3
   Compiling const-random-macro v0.1.16
    Checking bzip2-sys v0.1.13+1.0.8
    Checking lzma-sys v0.1.20
    Checking xattr v1.6.1
    Checking tempfile v3.27.0
    Checking gethostname v1.1.0
    Checking rustls-pemfile v2.2.0
    Checking filetime v0.2.29
   Compiling num-bigint-dig v0.8.6
    Checking x11rb-protocol v0.13.2
    Checking bit-vec v0.6.3
    Checking pom v1.1.0
    Checking tar v0.4.46
    Checking prost-reflect v0.16.5
    Checking bit-set v0.5.3
    Checking markup5ever v0.16.2
    Checking const-random v0.1.18
    Checking xz2 v0.1.7
    Checking nix v0.31.3
    Checking nix v0.28.0
    Checking bzip2 v0.5.2
    Checking zstd v0.13.3
    Checking aes v0.8.4
    Checking pkcs8 v0.10.2
    Checking lzma-rs v0.3.0
    Checking pbkdf2 v0.12.2
    Checking hashlink v0.10.0
    Checking num-iter v0.1.45
    Checking webpki-roots v0.26.11
   Compiling tauri-plugin-fs v2.4.5
    Checking fluent-uri v0.1.4
    Checking futures-intrusive v0.5.0
    Checking orgtrack_protocol v0.1.0 (/work/src-tauri/crates/orgtrack-protocol)
    Checking serial2 v0.2.37
    Checking filedescriptor v0.8.3
    Checking crossbeam-queue v0.3.12
    Checking csv-core v0.1.13
   Compiling signal-hook v0.3.18
    Checking unicode-properties v0.1.4
    Checking unicode-bidi v0.3.18
    Checking shell-words v1.1.1
    Checking weezl v0.1.12
    Checking downcast-rs v1.2.1
    Checking constant_time_eq v0.3.1
    Checking deflate64 v0.1.12
    Checking rangemap v1.7.1
    Checking portable-pty v0.9.0
    Checking stringprep v0.1.5
    Checking zip v2.4.2
    Checking csv v1.4.0
    Checking lopdf v0.34.0
    Checking orgtrack_core v0.1.0 (/work/src-tauri/crates/orgtrack-core)
    Checking x11rb v0.13.2
    Checking sqlx-core v0.8.6
    Checking process-wrap v9.1.0
    Checking lsp-types v0.97.0
    Checking arboard v3.6.1
    Checking pkcs1 v0.7.5
    Checking html5ever v0.31.0
    Checking dlv-list v0.5.2
    Checking fancy-regex v0.13.0
    Checking adobe-cmap-parser v0.4.1
    Checking type1-encoding-parser v0.1.1
    Checking oauth2 v5.0.0
    Checking signature v2.2.0
    Checking hkdf v0.12.4
    Checking sse-stream v0.2.3
   Compiling tauri-plugin-deep-link v2.4.9
   Compiling tauri-plugin-notification v2.3.3
error[E0560]: struct `SessionEditArtifactRecord` has no field named `execution_turn_id`
  --> crates/orgtrack-core/src/edit_extraction.rs:75:13
   |
75 |             execution_turn_id: context
   |             ^^^^^^^^^^^^^^^^^ `SessionEditArtifactRecord` does not have this field
   |
   = note: all struct fields are already assigned

    Checking atoi v2.0.0
    Checking euclid v0.20.14
    Checking which v8.0.3
    Checking instant v0.1.13
    Checking whoami v1.6.1
    Checking dyn-clone v1.0.20
    Checking rustc-hash v1.1.0
    Checking unicode-width v0.2.2
    Checking postscript v0.14.1
    Checking dotenvy v0.15.7
    Checking tiktoken-rs v0.9.1
    Checking html2text v0.14.4
    Checking schemars v1.2.1
    Checking pdf-extract v0.7.12
    Checking backoff v0.4.0
    Checking rmcp v1.7.0
    Checking async-stream v0.3.6
    Checking rsa v0.9.10
   Compiling agent_core v0.1.0 (/work/src-tauri/crates/agent-core)
    Checking ordered-multimap v0.7.3
   Compiling tauri-plugin-store v2.4.3
   Compiling tauri-plugin-oauth v2.0.0
   Compiling tauri-plugin-auth-session v0.2.2
   Compiling tauri-plugin-drag v2.1.1
   Compiling tauri-plugin-shell v2.3.5
   Compiling tauri-plugin-dialog v2.6.0
   Compiling tauri-plugin-updater v2.9.0
   Compiling tauri-plugin-process v2.3.1
    Checking serde_spanned v0.6.9
    Checking toml_datetime v0.6.3
    Checking os_pipe v1.2.3
   Compiling utoipa-gen v5.5.0
    Checking winnow v0.5.40
    Checking ucd-trie v0.1.7
    Checking file-id v0.2.3
   Compiling rfd v0.16.0
    Checking home v0.5.12
    Checking typed-path v0.12.3
    Checking sqlx-postgres v0.8.6
    Checking zip v7.2.0
    Checking toml_edit v0.20.2
    Checking notify-debouncer-full v0.6.0
    Checking pest v2.8.6
    Checking sigchld v0.2.4
    Checking sqlx-mysql v0.8.6
    Checking rust-ini v0.21.3
    Checking notify-rust v4.17.0
For more information about this error, try `rustc --explain E0560`.
error: could not compile `orgtrack_core` (lib) due to 1 previous error
warning: build failed, waiting for other jobs to finish...
